2026-07-28 09:23:56,008 [WARNING] urllib3.connectionpool: Retrying (Retry(total=2, connect=None, read=None, redirect=None, status=None)) after connection broken by 'SSLError(SSLError(1, '[SSL: SSLV3_ALERT_HANDSHAKE_FAILURE] sslv3 alert handshake failure (_ssl.c:1028)'))': /ekap/search
2026-07-28 09:24:03,076 [WARNING] urllib3.connectionpool: Retrying (Retry(total=1, connect=None, read=None, redirect=None, status=None)) after connection broken by 'SSLError(SSLError(1, '[SSL: SSLV3_ALERT_HANDSHAKE_FAILURE] sslv3 alert handshake failure (_ssl.c:1028)'))': /ekap/search
2026-07-28 09:24:12,150 [WARNING] urllib3.connectionpool: Retrying (Retry(total=0, connect=None, read=None, redirect=None, status=None)) after connection broken by 'SSLError(SSLError(1, '[SSL: SSLV3_ALERT_HANDSHAKE_FAILURE] sslv3 alert handshake failure (_ssl.c:1028)'))': /ekap/search
2026-07-28 09:24:13,236 [ERROR] ekap_client: Oturum başlatılamadı: HTTPSConnectionPool(host='ekapv2.kik.gov.tr', port=443): Max retries exceeded with url: /ekap/search (Caused by SSLError(SSLError(1, '[SSL: SSLV3_ALERT_HANDSHAKE_FAILURE] sslv3 alert handshake failure (_ssl.c:1028)')))
2026-07-28 09:24:13,236 [ERROR] main: İKN '913475' — EKAP oturumu başlatılamadı: HTTPSConnectionPool(host='ekapv2.kik.gov.tr', port=443): Max retries exceeded with url: /ekap/search (Caused by SSLError(SSLError(1, '[SSL: SSLV3_ALERT_HANDSHAKE_FAILURE] sslv3 alert handshake failure (_ssl.c:1028)')))
2026-07-28 09:24:34,496 [WARNING] urllib3.connectionpool: Retrying (Retry(total=2, connect=None, read=None, redirect=None, status=None)) after connection broken by 'SSLError(SSLError(1, '[SSL: SSLV3_ALERT_HANDSHAKE_FAILURE] sslv3 alert handshake failure (_ssl.c:1028)'))': /ekap/search
2026-07-28 09:24:41,580 [WARNING] urllib3.connectionpool: Retrying (Retry(total=1, connect=None, read=None, redirect=None, status=None)) after connection broken by 'SSLError(SSLError(1, '[SSL: SSLV3_ALERT_HANDSHAKE_FAILURE] sslv3 alert handshake failure (_ssl.c:1028)'))': /ekap/search
2026-07-28 09:24:50,661 [WARNING] urllib3.connectionpool: Retrying (Retry(total=0, connect=None, read=None, redirect=None, status=None)) after connection broken by 'SSLError(SSLError(1, '[SSL: SSLV3_ALERT_HANDSHAKE_FAILURE] sslv3 alert handshake failure (_ssl.c:1028)'))': /ekap/search
2026-07-28 09:24:51,730 [ERROR] ekap_client: Oturum başlatılamadı: HTTPSConnectionPool(host='ekapv2.kik.gov.tr', port=443): Max retries exceeded with url: /ekap/search (Caused by SSLError(SSLError(1, '[SSL: SSLV3_ALERT_HANDSHAKE_FAILURE] sslv3 alert handshake failure (_ssl.c:1028)')))
2026-07-28 09:24:51,730 [ERROR] main: İKN '2026/913475' — EKAP oturumu başlatılamadı: HTTPSConnectionPool(host='ekapv2.kik.gov.tr', port=443): Max retries exceeded with url: /ekap/search (Caused by SSLError(SSLError(1, '[SSL: SSLV3_ALERT_HANDSHAKE_FAILURE] sslv3 alert handshake failure (_ssl.c:1028)')))
2026-07-28 09:27:08,249 [WARNING] urllib3.connectionpool: Retrying (Retry(total=2, connect=None, read=None, redirect=None, status=None)) after connection broken by 'SSLError(SSLError(1, '[SSL: SSLV3_ALERT_HANDSHAKE_FAILURE] sslv3 alert handshake failure (_ssl.c:1028)'))': /ekap/search
2026-07-28 09:27:15,312 [WARNING] urllib3.connectionpool: Retrying (Retry(total=1, connect=None, read=None, redirect=None, status=None)) after connection broken by 'SSLError(SSLError(1, '[SSL: SSLV3_ALERT_HANDSHAKE_FAILURE] sslv3 alert handshake failure (_ssl.c:1028)'))': /ekap/search
2026-07-28 09:27:26,378 [WARNING] urllib3.connectionpool: Retrying (Retry(total=0, connect=None, read=None, redirect=None, status=None)) after connection broken by 'SSLError(SSLError(1, '[SSL: SSLV3_ALERT_HANDSHAKE_FAILURE] sslv3 alert handshake failure (_ssl.c:1028)'))': /ekap/search
2026-07-28 09:27:27,450 [ERROR] ekap_client: Oturum başlatılamadı: HTTPSConnectionPool(host='ekapv2.kik.gov.tr', port=443): Max retries exceeded with url: /ekap/search (Caused by SSLError(SSLError(1, '[SSL: SSLV3_ALERT_HANDSHAKE_FAILURE] sslv3 alert handshake failure (_ssl.c:1028)')))
2026-07-28 09:27:27,453 [ERROR] main: İKN '2026/687558' — EKAP oturumu başlatılamadı: HTTPSConnectionPool(host='ekapv2.kik.gov.tr', port=443): Max retries exceeded with url: /ekap/search (Caused by SSLError(SSLError(1, '[SSL: SSLV3_ALERT_HANDSHAKE_FAILURE] sslv3 alert handshake failure (_ssl.c:1028)')))
2026-07-28 09:36:44,623 [ERROR] main: İKN '2026/687558' — beklenmeyen hata
Traceback (most recent call last):
  File "C:\Users\ismai\OneDrive\Desktop\ekap_proje\main.py", line 93, in main
    record = client.fetch_contract(ikn)
  File "C:\Users\ismai\OneDrive\Desktop\ekap_proje\ekap_client.py", line 131, in fetch_contract
    page = self._ensure_browser()
  File "C:\Users\ismai\OneDrive\Desktop\ekap_proje\ekap_client.py", line 79, in _ensure_browser
    self._page.goto(config.SEARCH_PAGE_URL, wait_until="networkidle", timeout=60000)
    ~~~~~~~~~~~~~~~^^^^^^^^^^^^^^^^^^^^^^^^^^^^^^^^^^^^^^^^^^^^^^^^^^^^^^^^^^^^^^^^^
  File "C:\Users\ismai\AppData\Local\Programs\Python\Python313\Lib\site-packages\playwright\sync_api\_generated.py", line 9770, in goto
    self._sync(
    ~~~~~~~~~~^
        self._impl_obj.goto(
        ^^^^^^^^^^^^^^^^^^^^
    ...<4 lines>...
        )
        ^
    )
    ^
  File "C:\Users\ismai\AppData\Local\Programs\Python\Python313\Lib\site-packages\playwright\_impl\_sync_base.py", line 115, in _sync
    return task.result()
           ~~~~~~~~~~~^^
  File "C:\Users\ismai\AppData\Local\Programs\Python\Python313\Lib\site-packages\playwright\_impl\_page.py", line 560, in goto
    return await self._main_frame.goto(**locals_to_params(locals()))
           ^^^^^^^^^^^^^^^^^^^^^^^^^^^^^^^^^^^^^^^^^^^^^^^^^^^^^^^^^
  File "C:\Users\ismai\AppData\Local\Programs\Python\Python313\Lib\site-packages\playwright\_impl\_frame.py", line 156, in goto
    await self._channel.send(
        "goto", self._navigation_timeout, locals_to_params(locals())
    )
  File "C:\Users\ismai\AppData\Local\Programs\Python\Python313\Lib\site-packages\playwright\_impl\_connection.py", line 69, in send
    return await self._connection.wrap_api_call(
           ^^^^^^^^^^^^^^^^^^^^^^^^^^^^^^^^^^^^^
    ...<3 lines>...
    )
    ^
  File "C:\Users\ismai\AppData\Local\Programs\Python\Python313\Lib\site-packages\playwright\_impl\_connection.py", line 563, in wrap_api_call
    raise rewrite_error(error, f"{parsed_st['apiName']}: {error}") from None
playwright._impl._errors.TimeoutError: Page.goto: Timeout 60000ms exceeded.
Call log:
  - navigating to "https://ekapv2.kik.gov.tr/ekap/search", waiting until "networkidle"

2026-07-28 09:41:16,016 [ERROR] asyncio: Task was destroyed but it is pending!
task: <Task pending name='Task-263' coro=<ElementHandle.click() done, defined at C:\Users\ismai\AppData\Local\Programs\Python\Python313\Lib\site-packages\playwright\_impl\_element_handle.py:130> wait_for=<Future pending cb=[Task.task_wakeup()]> cb=[SyncBase._sync.<locals>.<lambda>() at C:\Users\ismai\AppData\Local\Programs\Python\Python313\Lib\site-packages\playwright\_impl\_sync_base.py:111, ProtocolCallback.__init__.<locals>.cb() at C:\Users\ismai\AppData\Local\Programs\Python\Python313\Lib\site-packages\playwright\_impl\_connection.py:230]>
